[2021-02-25T11:43:16.035+0000][gc,heap] Heap region size: 1M
[2021-02-25T11:43:16.043+0000][gc     ] Using G1
[2021-02-25T11:43:16.043+0000][gc,heap,coops] Heap address: 0x00000000c0000000, size: 1024 MB, Compressed Oops mode: 32-bit
[2021-02-25T11:43:16.044+0000][gc,cds       ] Mark closed archive regions in map: [0x00000000fff00000, 0x00000000fff6aff8]
[2021-02-25T11:43:16.044+0000][gc,cds       ] Mark open archive regions in map: [0x00000000ffe00000, 0x00000000ffe46ff8]
[2021-02-25T11:43:17.961+0000][gc,start     ] GC(0) Pause Young (Normal) (G1 Evacuation Pause)
[2021-02-25T11:43:17.962+0000][gc,task      ] GC(0) Using 2 workers of 2 for evacuation
[2021-02-25T11:43:17.983+0000][gc,mmu       ] GC(0) MMU target violated: 21.0ms (20.0ms/21.0ms)
[2021-02-25T11:43:17.983+0000][gc,phases    ] GC(0)   Pre Evacuate Collection Set: 0.0ms
[2021-02-25T11:43:17.983+0000][gc,phases    ] GC(0)   Evacuate Collection Set: 20.7ms
[2021-02-25T11:43:17.983+0000][gc,phases    ] GC(0)   Post Evacuate Collection Set: 0.6ms
[2021-02-25T11:43:17.983+0000][gc,phases    ] GC(0)   Other: 0.4ms
[2021-02-25T11:43:17.983+0000][gc,heap      ] GC(0) Eden regions: 51->0(44)
[2021-02-25T11:43:17.983+0000][gc,heap      ] GC(0) Survivor regions: 0->7(7)
[2021-02-25T11:43:17.983+0000][gc,heap      ] GC(0) Old regions: 2->2
[2021-02-25T11:43:17.983+0000][gc,heap      ] GC(0) Humongous regions: 0->0
[2021-02-25T11:43:17.983+0000][gc,metaspace ] GC(0) Metaspace: 15535K->15535K(1062912K)
[2021-02-25T11:43:17.983+0000][gc           ] GC(0) Pause Young (Normal) (G1 Evacuation Pause) 51M->7M(1024M) 22.011ms
[2021-02-25T11:43:17.983+0000][gc,cpu       ] GC(0) User=0.04s Sys=0.01s Real=0.02s
[2021-02-25T11:43:18.506+0000][gc,start     ] GC(1) Pause Young (Concurrent Start) (Metadata GC Threshold)
[2021-02-25T11:43:18.506+0000][gc,task      ] GC(1) Using 2 workers of 2 for evacuation
[2021-02-25T11:43:18.528+0000][gc,mmu       ] GC(1) MMU target violated: 21.0ms (20.0ms/21.0ms)
[2021-02-25T11:43:18.528+0000][gc,phases    ] GC(1)   Pre Evacuate Collection Set: 0.1ms
[2021-02-25T11:43:18.528+0000][gc,phases    ] GC(1)   Evacuate Collection Set: 20.7ms
[2021-02-25T11:43:18.528+0000][gc,phases    ] GC(1)   Post Evacuate Collection Set: 0.5ms
[2021-02-25T11:43:18.528+0000][gc,phases    ] GC(1)   Other: 0.4ms
[2021-02-25T11:43:18.528+0000][gc,heap      ] GC(1) Eden regions: 21->0(50)
[2021-02-25T11:43:18.528+0000][gc,heap      ] GC(1) Survivor regions: 7->1(7)
[2021-02-25T11:43:18.528+0000][gc,heap      ] GC(1) Old regions: 2->9
[2021-02-25T11:43:18.528+0000][gc,heap      ] GC(1) Humongous regions: 0->0
[2021-02-25T11:43:18.528+0000][gc,metaspace ] GC(1) Metaspace: 20577K->20577K(1067008K)
[2021-02-25T11:43:18.528+0000][gc           ] GC(1) Pause Young (Concurrent Start) (Metadata GC Threshold) 27M->7M(1024M) 21.668ms
[2021-02-25T11:43:18.528+0000][gc,cpu       ] GC(1) User=0.03s Sys=0.01s Real=0.02s
[2021-02-25T11:43:18.528+0000][gc           ] GC(2) Concurrent Cycle
[2021-02-25T11:43:18.528+0000][gc,marking   ] GC(2) Concurrent Clear Claimed Marks
[2021-02-25T11:43:18.528+0000][gc,marking   ] GC(2) Concurrent Clear Claimed Marks 0.067ms
[2021-02-25T11:43:18.528+0000][gc,marking   ] GC(2) Concurrent Scan Root Regions
[2021-02-25T11:43:18.529+0000][gc,marking   ] GC(2) Concurrent Scan Root Regions 1.382ms
[2021-02-25T11:43:18.529+0000][gc,marking   ] GC(2) Concurrent Mark (2.499s)
[2021-02-25T11:43:18.529+0000][gc,marking   ] GC(2) Concurrent Mark From Roots
[2021-02-25T11:43:18.529+0000][gc,task      ] GC(2) Using 1 workers of 1 for marking
[2021-02-25T11:43:18.575+0000][gc,marking   ] GC(2) Concurrent Mark From Roots 45.427ms
[2021-02-25T11:43:18.575+0000][gc,marking   ] GC(2) Concurrent Preclean
[2021-02-25T11:43:18.575+0000][gc,marking   ] GC(2) Concurrent Preclean 0.125ms
[2021-02-25T11:43:18.575+0000][gc,marking   ] GC(2) Concurrent Mark (2.499s, 2.544s) 45.632ms
[2021-02-25T11:43:18.575+0000][gc,start     ] GC(2) Pause Remark
[2021-02-25T11:43:18.579+0000][gc,stringtable] GC(2) Cleaned string and symbol table, strings: 5110 processed, 0 removed, symbols: 50718 processed, 42 removed
[2021-02-25T11:43:18.580+0000][gc            ] GC(2) Pause Remark 8M->8M(1024M) 4.437ms
[2021-02-25T11:43:18.580+0000][gc,cpu        ] GC(2) User=0.01s Sys=0.00s Real=0.01s
[2021-02-25T11:43:18.580+0000][gc,marking    ] GC(2) Concurrent Rebuild Remembered Sets
[2021-02-25T11:43:18.597+0000][gc,marking    ] GC(2) Concurrent Rebuild Remembered Sets 17.325ms
[2021-02-25T11:43:18.597+0000][gc,start      ] GC(2) Pause Cleanup
[2021-02-25T11:43:18.597+0000][gc            ] GC(2) Pause Cleanup 8M->8M(1024M) 0.299ms
[2021-02-25T11:43:18.597+0000][gc,cpu        ] GC(2) User=0.00s Sys=0.00s Real=0.00s
[2021-02-25T11:43:18.597+0000][gc,marking    ] GC(2) Concurrent Cleanup for Next Mark
[2021-02-25T11:43:18.605+0000][gc,marking    ] GC(2) Concurrent Cleanup for Next Mark 7.311ms
[2021-02-25T11:43:18.605+0000][gc            ] GC(2) Concurrent Cycle 76.966ms
[2021-02-25T11:43:19.721+0000][gc,start      ] GC(3) Pause Young (Normal) (G1 Evacuation Pause)
[2021-02-25T11:43:19.721+0000][gc,task       ] GC(3) Using 2 workers of 2 for evacuation
[2021-02-25T11:43:19.747+0000][gc,mmu        ] GC(3) MMU target violated: 21.0ms (20.0ms/21.0ms)
[2021-02-25T11:43:19.747+0000][gc,phases     ] GC(3)   Pre Evacuate Collection Set: 0.0ms
[2021-02-25T11:43:19.747+0000][gc,phases     ] GC(3)   Evacuate Collection Set: 24.6ms
[2021-02-25T11:43:19.747+0000][gc,phases     ] GC(3)   Post Evacuate Collection Set: 0.6ms
[2021-02-25T11:43:19.747+0000][gc,phases     ] GC(3)   Other: 0.2ms
[2021-02-25T11:43:19.747+0000][gc,heap       ] GC(3) Eden regions: 50->0(46)
[2021-02-25T11:43:19.747+0000][gc,heap       ] GC(3) Survivor regions: 1->5(7)
[2021-02-25T11:43:19.747+0000][gc,heap       ] GC(3) Old regions: 9->9
[2021-02-25T11:43:19.747+0000][gc,heap       ] GC(3) Humongous regions: 129->129
[2021-02-25T11:43:19.747+0000][gc,metaspace  ] GC(3) Metaspace: 29881K->29881K(1077248K)
[2021-02-25T11:43:19.747+0000][gc            ] GC(3) Pause Young (Normal) (G1 Evacuation Pause) 186M->140M(1024M) 25.664ms
[2021-02-25T11:43:19.747+0000][gc,cpu        ] GC(3) User=0.05s Sys=0.00s Real=0.02s
[2021-02-25T11:43:32.466+0000][gc,start      ] GC(4) Pause Young (Concurrent Start) (Metadata GC Threshold)
[2021-02-25T11:43:32.466+0000][gc,task       ] GC(4) Using 2 workers of 2 for evacuation
[2021-02-25T11:43:32.481+0000][gc,phases     ] GC(4)   Pre Evacuate Collection Set: 0.1ms
[2021-02-25T11:43:32.481+0000][gc,phases     ] GC(4)   Evacuate Collection Set: 14.2ms
[2021-02-25T11:43:32.481+0000][gc,phases     ] GC(4)   Post Evacuate Collection Set: 0.5ms
[2021-02-25T11:43:32.481+0000][gc,phases     ] GC(4)   Other: 0.3ms
[2021-02-25T11:43:32.481+0000][gc,heap       ] GC(4) Eden regions: 21->0(50)
[2021-02-25T11:43:32.481+0000][gc,heap       ] GC(4) Survivor regions: 5->1(7)
[2021-02-25T11:43:32.481+0000][gc,heap       ] GC(4) Old regions: 9->14
[2021-02-25T11:43:32.481+0000][gc,heap       ] GC(4) Humongous regions: 129->129
[2021-02-25T11:43:32.481+0000][gc,metaspace  ] GC(4) Metaspace: 34502K->34502K(1081344K)
[2021-02-25T11:43:32.481+0000][gc            ] GC(4) Pause Young (Concurrent Start) (Metadata GC Threshold) 161M->141M(1024M) 15.257ms
[2021-02-25T11:43:32.481+0000][gc,cpu        ] GC(4) User=0.03s Sys=0.01s Real=0.02s
[2021-02-25T11:43:32.481+0000][gc            ] GC(5) Concurrent Cycle
[2021-02-25T11:43:32.481+0000][gc,marking    ] GC(5) Concurrent Clear Claimed Marks
[2021-02-25T11:43:32.482+0000][gc,marking    ] GC(5) Concurrent Clear Claimed Marks 0.122ms
[2021-02-25T11:43:32.482+0000][gc,marking    ] GC(5) Concurrent Scan Root Regions
[2021-02-25T11:43:32.484+0000][gc,marking    ] GC(5) Concurrent Scan Root Regions 2.872ms
[2021-02-25T11:43:32.484+0000][gc,marking    ] GC(5) Concurrent Mark (16.454s)
[2021-02-25T11:43:32.484+0000][gc,marking    ] GC(5) Concurrent Mark From Roots
[2021-02-25T11:43:32.484+0000][gc,task       ] GC(5) Using 1 workers of 1 for marking
[2021-02-25T11:43:32.507+0000][gc,marking    ] GC(5) Concurrent Mark From Roots 22.436ms
[2021-02-25T11:43:32.507+0000][gc,marking    ] GC(5) Concurrent Preclean
[2021-02-25T11:43:32.507+0000][gc,marking    ] GC(5) Concurrent Preclean 0.085ms
[2021-02-25T11:43:32.507+0000][gc,marking    ] GC(5) Concurrent Mark (16.454s, 16.476s) 22.610ms
[2021-02-25T11:43:32.507+0000][gc,start      ] GC(5) Pause Remark
[2021-02-25T11:43:32.514+0000][gc,stringtable] GC(5) Cleaned string and symbol table, strings: 10080 processed, 11 removed, symbols: 79890 processed, 9 removed
[2021-02-25T11:43:32.514+0000][gc            ] GC(5) Pause Remark 141M->141M(1024M) 6.713ms
[2021-02-25T11:43:32.514+0000][gc,cpu        ] GC(5) User=0.01s Sys=0.00s Real=0.01s
[2021-02-25T11:43:32.514+0000][gc,marking    ] GC(5) Concurrent Rebuild Remembered Sets
[2021-02-25T11:43:32.528+0000][gc,marking    ] GC(5) Concurrent Rebuild Remembered Sets 13.981ms
[2021-02-25T11:43:32.529+0000][gc,start      ] GC(5) Pause Cleanup
[2021-02-25T11:43:32.529+0000][gc            ] GC(5) Pause Cleanup 142M->142M(1024M) 0.219ms
[2021-02-25T11:43:32.529+0000][gc,cpu        ] GC(5) User=0.00s Sys=0.00s Real=0.00s
[2021-02-25T11:43:32.529+0000][gc,marking    ] GC(5) Concurrent Cleanup for Next Mark
[2021-02-25T11:43:32.531+0000][gc,marking    ] GC(5) Concurrent Cleanup for Next Mark 2.173ms
[2021-02-25T11:43:32.531+0000][gc            ] GC(5) Concurrent Cycle 49.601ms
[2021-02-25T11:51:56.314+0000][gc,start      ] GC(6) Pause Young (Normal) (G1 Evacuation Pause)
[2021-02-25T11:51:56.314+0000][gc,task       ] GC(6) Using 2 workers of 2 for evacuation
[2021-02-25T11:51:56.332+0000][gc,phases     ] GC(6)   Pre Evacuate Collection Set: 0.0ms
[2021-02-25T11:51:56.332+0000][gc,phases     ] GC(6)   Evacuate Collection Set: 16.3ms
[2021-02-25T11:51:56.332+0000][gc,phases     ] GC(6)   Post Evacuate Collection Set: 1.1ms
[2021-02-25T11:51:56.332+0000][gc,phases     ] GC(6)   Other: 0.3ms
[2021-02-25T11:51:56.332+0000][gc,heap       ] GC(6) Eden regions: 50->0(47)
[2021-02-25T11:51:56.332+0000][gc,heap       ] GC(6) Survivor regions: 1->4(7)
[2021-02-25T11:51:56.332+0000][gc,heap       ] GC(6) Old regions: 14->14
[2021-02-25T11:51:56.332+0000][gc,heap       ] GC(6) Humongous regions: 129->129
[2021-02-25T11:51:56.332+0000][gc,metaspace  ] GC(6) Metaspace: 40144K->40144K(1085440K)
[2021-02-25T11:51:56.332+0000][gc            ] GC(6) Pause Young (Normal) (G1 Evacuation Pause) 191M->144M(1024M) 17.842ms
[2021-02-25T11:51:56.332+0000][gc,cpu        ] GC(6) User=0.02s Sys=0.00s Real=0.02s
[2021-02-25T12:24:59.288+0000][gc,start      ] GC(7) Pause Young (Normal) (G1 Evacuation Pause)
[2021-02-25T12:24:59.288+0000][gc,task       ] GC(7) Using 2 workers of 2 for evacuation
[2021-02-25T12:24:59.300+0000][gc,phases     ] GC(7)   Pre Evacuate Collection Set: 0.0ms
[2021-02-25T12:24:59.300+0000][gc,phases     ] GC(7)   Evacuate Collection Set: 10.1ms
[2021-02-25T12:24:59.300+0000][gc,phases     ] GC(7)   Post Evacuate Collection Set: 1.1ms
[2021-02-25T12:24:59.300+0000][gc,phases     ] GC(7)   Other: 0.4ms
[2021-02-25T12:24:59.300+0000][gc,heap       ] GC(7) Eden regions: 47->0(47)
[2021-02-25T12:24:59.300+0000][gc,heap       ] GC(7) Survivor regions: 4->4(7)
[2021-02-25T12:24:59.300+0000][gc,heap       ] GC(7) Old regions: 14->14
[2021-02-25T12:24:59.300+0000][gc,heap       ] GC(7) Humongous regions: 129->129
[2021-02-25T12:24:59.300+0000][gc,metaspace  ] GC(7) Metaspace: 40428K->40428K(1085440K)
[2021-02-25T12:24:59.300+0000][gc            ] GC(7) Pause Young (Normal) (G1 Evacuation Pause) 191M->144M(1024M) 11.668ms
[2021-02-25T12:24:59.300+0000][gc,cpu        ] GC(7) User=0.02s Sys=0.00s Real=0.02s
[2021-02-25T13:00:19.164+0000][gc,start      ] GC(8) Pause Young (Normal) (G1 Evacuation Pause)
[2021-02-25T13:00:19.164+0000][gc,task       ] GC(8) Using 2 workers of 2 for evacuation
[2021-02-25T13:00:19.175+0000][gc,phases     ] GC(8)   Pre Evacuate Collection Set: 0.0ms
[2021-02-25T13:00:19.175+0000][gc,phases     ] GC(8)   Evacuate Collection Set: 9.4ms
[2021-02-25T13:00:19.175+0000][gc,phases     ] GC(8)   Post Evacuate Collection Set: 1.3ms
[2021-02-25T13:00:19.175+0000][gc,phases     ] GC(8)   Other: 0.4ms
[2021-02-25T13:00:19.175+0000][gc,heap       ] GC(8) Eden regions: 47->0(47)
[2021-02-25T13:00:19.175+0000][gc,heap       ] GC(8) Survivor regions: 4->4(7)
[2021-02-25T13:00:19.175+0000][gc,heap       ] GC(8) Old regions: 14->14
[2021-02-25T13:00:19.175+0000][gc,heap       ] GC(8) Humongous regions: 129->129
[2021-02-25T13:00:19.175+0000][gc,metaspace  ] GC(8) Metaspace: 40585K->40585K(1085440K)
[2021-02-25T13:00:19.175+0000][gc            ] GC(8) Pause Young (Normal) (G1 Evacuation Pause) 191M->144M(1024M) 11.267ms
[2021-02-25T13:00:19.175+0000][gc,cpu        ] GC(8) User=0.02s Sys=0.00s Real=0.01s
